a.acilis a.acilis rc 0 lufs 4.32 -18.0 -5.81 
c1.tekrar c1.tekrar rc 0 lufs 3.752 -18.0 -4.65 
c2.alt c2.alt rc 0 lufs 3.711 -18.0 -2.19 
a.agirlik a.agirlik rc 0 lufs 2.682 -18.0 -5.26 
a.gozler a.gozler rc 0 lufs 4.962 -18.0 -3.08 
a.hosgeldin a.hosgeldin#1 rc 0 rms 0.949 -17.28 -5.42 
a.hosgeldin a.hosgeldin#2 rc 0 lufs 1.456 -18.0 -3.06 
a.izin a.izin rc 0 lufs 5.182 -18.0 -5.35 
a.karar a.karar rc 0 lufs 3.034 -18.0 -4.37 
a.kolay a.kolay rc 0 lufs 4.154 -18.0 -5.26 
a.konfor a.konfor rc 0 lufs 6.013 -18.0 -5.8 
c1.cerceve c1.cerceve#1 rc 0 lufs 2.614 -18.0 -5.7 
c1.cerceve c1.cerceve#2 rc 0 lufs 2.748 -18.0 -4.08 
c1.gecis.arka c1.gecis.arka rc 0 lufs 1.752 -18.0 -4.84 
c1.gecis.on c1.gecis.on#1 rc 0 lufs 2.18 -18.0 -5.07 
c1.gecis.on c1.gecis.on#2 rc 0 lufs 2.149 -18.0 -5.97 
c1.k1 c1.k1 rc 0 lufs 3.547 -18.0 -6.6 
c1.kacirma c1.kacirma rc 0 lufs 3.431 -18.0 -1.66 
c2.dikkat c2.dikkat#1 rc 0 lufs 3.41 -18.0 -4.92 
c2.dikkat c2.dikkat#2 rc 0 lufs 3.448 -18.0 -4.47 
car.butun c1.w01 rc 0 lufs 1.741 -18.0 -4.17 
car.butun c1.w02 rc 0 lufs 1.749 -18.0 -4.92 
car.butun c1.w03 rc 0 lufs 1.347 -18.0 -4.02 
car.butun c1.w04 rc 0 lufs 1.469 -18.0 -3.28 
car.butun c1.w05 rc 0 lufs 1.509 -18.0 -2.72 
car.butun c1.w06 rc 0 lufs 1.154 -18.0 -3.23 
car.butun c1.w07 rc 0 lufs 2.359 -18.0 -3.56 
car.butun c1.w08 rc 0 lufs 1.227 -18.0 -5.75 
car.butun c1.w09 rc 0 lufs 1.273 -18.0 -4.68 
car.on1 c1.f01 rc 0 lufs 1.666 -18.0 -1.57 
car.on1 c1.f02 rc 0 rms 0.733 -17.03 -2.31 
car.on1 c1.f03 rc 0 lufs 1.238 -18.0 -4.6 
car.on1 c1.f04 rc 0 lufs 1.278 -18.0 -2.51 
car.on1 c1.f05 rc 0 lufs 1.21 -18.0 -4.11 
car.on1 c1.f06 rc 0 lufs 1.198 -18.0 -1.9 
car.on2 c1.f07 rc 0 lufs 1.365 -18.0 -4.21 
car.on2 c1.f08 rc 0 lufs 1.553 -18.0 -5.44 
car.on2 c1.f09 rc 0 lufs 1.263 -18.0 -2.21 
car.on2 c1.f10 rc 0 lufs 1.234 -18.0 -2.18 
car.on2 c1.f11 rc 0 lufs 1.283 -18.0 -6.93 
car.on2 c1.f12 rc 0 lufs 1.197 -18.0 -3.8 
car.on2 c1.f13 rc 0 lufs 1.196 -18.0 -6.9 
car.on3 c1.f14 rc 0 lufs 1.3 -18.0 -2.15 
car.on3 c1.f15 rc 0 lufs 1.197 -18.0 -1.56 
car.on3 c1.f16 rc 0 rms 0.785 -17.03 -7.87 
car.on3 c1.f17 rc 0 rms 0.792 -17.03 -6.14 
car.on3 c1.f18 rc 0 lufs 1.713 -18.0 -4.34 
car.on3 c1.f19 rc 0 lufs 1.683 -18.0 -2.09 
car.on3 c1.f20 rc 0 lufs 1.032 -18.0 -4.38 
car.on3 c1.f21 rc 0 rms 0.744 -17.03 -4.99 
car.sag1 c1.s01 rc 0 lufs 1.849 -18.0 -6.01 
car.sag1 c1.s02 rc 0 lufs 1.428 -18.0 -6.0 
car.sag1 c1.s03 rc 0 lufs 1.224 -18.0 -2.38 
car.sag1 c1.s04 rc 0 lufs 1.213 -18.0 -4.02 
car.sag1 c1.s05 rc 0 lufs 1.379 -18.0 -2.59 
car.sag2 c1.s06 rc 0 lufs 1.348 -18.0 -1.67 
car.sag2 c1.s07 rc 0 lufs 1.195 -18.0 -4.86 
car.sag2 c1.s08 rc 0 rms 0.906 -17.03 -5.53 
car.sag2 c1.s09 rc 0 rms 0.936 -17.03 -6.44 
car.sag2 c1.s10 rc 0 lufs 1.011 -18.0 -2.38 
car.sag3 c1.s11 rc 0 lufs 1.116 -18.0 -3.86 
car.sag3 c1.s12 rc 0 rms 0.94 -17.03 -5.15 
car.sag3 c1.s13 rc 0 lufs 1.41 -18.0 -5.51 
car.sag3 c1.s14 rc 0 rms 0.918 -17.03 -3.42 
car.sag4 c1.s15 rc 0 rms 0.934 -17.03 -7.29 
car.sag4 c1.s16 rc 0 rms 0.885 -16.03 -4.87 
car.sag4 c1.s17 rc 0 lufs 1.021 -18.0 -4.66 
car.sag4 c1.s18 rc 0 lufs 1.086 -18.0 -4.38 
car.sag4 c1.s19 rc 0 rms 0.883 -17.03 -2.42 
car.sag4 c1.s20 rc 0 lufs 1.12 -18.0 -1.84 
car.sirt c1.b01 rc 0 lufs 1.516 -18.0 -4.66 
car.sirt c1.b02 rc 0 lufs 1.521 -18.0 -3.0 
car.sirt c1.b03 rc 0 lufs 1.241 -18.0 -4.88 
car.sirt c1.b04 rc 0 lufs 2.176 -18.0 -4.91 
car.sirt c1.b05 rc 0 lufs 1.272 -18.0 -5.07 
car.sol1 c1.l01 rc 0 lufs 1.896 -18.0 -4.57 
car.sol1 c1.l02 rc 0 lufs 1.415 -18.0 -4.92 
car.sol1 c1.l03 rc 0 lufs 1.234 -18.0 -2.46 
car.sol1 c1.l04 rc 0 lufs 1.219 -18.0 -4.15 
car.sol1 c1.l05 rc 0 lufs 1.405 -18.0 -3.3 
car.sol2 c1.l06 rc 0 lufs 1.35 -18.0 -1.6 
car.sol2 c1.l07 rc 0 lufs 1.212 -18.0 -3.06 
car.sol2 c1.l08 rc 0 rms 0.909 -17.03 -4.09 
car.sol2 c1.l09 rc 0 rms 0.933 -17.03 -4.07 
car.sol2 c1.l10 rc 0 lufs 1.016 -18.0 -4.84 
car.sol3 c1.l11 rc 0 lufs 1.119 -18.0 -2.94 
car.sol3 c1.l12 rc 0 rms 0.917 -17.03 -5.45 
car.sol3 c1.l13 rc 0 lufs 1.445 -18.0 -5.9 
car.sol3 c1.l14 rc 0 rms 0.916 -17.03 -2.47 
car.sol4 c1.l15 rc 0 rms 0.909 -17.03 -5.99 
car.sol4 c1.l16 rc 0 rms 0.921 -16.03 -4.52 
car.sol4 c1.l17 rc 0 lufs 1.044 -18.0 -1.6 
car.sol4 c1.l18 rc 0 lufs 1.127 -18.0 -3.82 
car.sol4 c1.l19 rc 0 rms 0.854 -17.03 -1.64 
car.sol4 c1.l20 rc 0 lufs 1.118 -18.0 -1.6 
n1.birak n1.birak#1 rc 0 lufs 2.435 -18.0 -4.42 
n1.birak n1.birak#2 rc 0 lufs 3.065 -18.0 -4.56 
n1.soyle n1.soyle rc 0 lufs 3.239 -18.0 -5.48 
refrms {'Varış': -17.28, 'Derinleşme': -17.03, 'Derin': -16.72}
