part nes-1 ids: ['a.hosgeldin', 'a.acilis', 'a.konfor', 'a.durus', 'a.gozler', 'a.karar', 'a.izin', 'a.kolay', 'a.agirlik', 'n1.sec', 'n1.soyle', 'n1.birak', 'c1.cerceve', 'c1.tekrar', 'car.sag1', 'car.sag2', 'car.sag3', 'car.sag4', 'c1.kacirma', 'car.sol1', 'car.sol2', 'car.sol3', 'car.sol4', 'c1.gecis.arka', 'car.sirt', 'c1.gecis.on', 'car.on1', 'car.on2', 'car.on3', 'car.butun', 'c1.k1', 'c2.dikkat', 'c2.yer', 'c2.alt']
('a.hosgeldin', 0)
('a.acilis', 0)
('a.konfor', 0)
('a.durus', 0)
('a.gozler', 0)
('a.karar', 0)
('a.izin', 0)
('a.kolay', 0)
('a.agirlik', 0)
('n1.sec', 0)
('n1.soyle', 0)
('n1.birak', 0)
('c1.cerceve', 0)
('c1.tekrar', 0)
('car.sag1', 0)
('car.sag2', 0)
('car.sag3', 0)
('car.sag4', 0)
('c1.kacirma', 0)
('car.sol1', 0)
('car.sol2', 0)
('car.sol3', 0)
('car.sol4', 0)
('c1.gecis.arka', 0)
('car.sirt', 0)
('c1.gecis.on', 0)
('car.on1', 0)
('car.on2', 0)
('car.on3', 0)
('car.butun', 0)
('c1.k1', 0)
('c2.dikkat', 0)
('c2.yer', 0)
('c2.alt', 0)
