a.acilis a.acilis rc 0 lufs 4.038 -18.0 -1.59 0.88  
c1.tekrar c1.tekrar rc 0 lufs 3.505 -18.0 -1.59 2.99  
c2.alt c2.alt rc 0 lufs 3.587 -18.0 -1.59 3.91 kulak: gerçek tepe sınırlayıcısı 3.9 dB kıstı (0.08 sn > 1 dB) 
a.hosgeldin a.hosgeldin#1 rc 0 rms 0.871 -18.18 -1.59 1.93  
a.hosgeldin a.hosgeldin#2 rc 0 lufs 1.371 -18.0 -1.54 0.81  
a.konfor a.konfor rc 0 lufs 5.7 -18.0 -1.55 3.27 kulak: gerçek tepe sınırlayıcısı 3.3 dB kıstı (0.19 sn > 1 dB) 
a.gozler a.gozler rc 0 lufs 4.949 -18.0 -1.59 1.62  
a.karar a.karar rc 0 lufs 2.902 -18.0 -1.6 1.34  
a.izin a.izin rc 0 lufs 5.165 -18.0 -1.55 3.38 kulak: gerçek tepe sınırlayıcısı 3.4 dB kıstı (0.17 sn > 1 dB) 
a.kolay a.kolay rc 0 lufs 3.957 -18.0 -1.6 2.06  
a.agirlik a.agirlik rc 0 lufs 2.624 -18.0 -1.53 1.32  
n1.sec n1.sec#1 rc 0 lufs 2.556 -18.0 -1.59 1.18  
n1.sec n1.sec#2 rc 0 lufs 5.079 -18.0 -1.58 4.4 kulak: gerçek tepe sınırlayıcısı 4.4 dB kıstı (0.17 sn > 1 dB) 
n1.soyle n1.soyle rc 0 lufs 3.033 -18.0 -1.53 2.36  
n1.birak n1.birak#1 rc 0 lufs 2.431 -18.0 -1.6 1.95  
n1.birak n1.birak#2 rc 0 lufs 3.008 -18.0 -1.55 3.97 kulak: gerçek tepe sınırlayıcısı 4.0 dB kıstı (0.16 sn > 1 dB) 
c1.cerceve c1.cerceve#1 rc 0 lufs 2.52 -18.0 -1.57 2.14  
c1.cerceve c1.cerceve#2 rc 0 lufs 2.591 -18.0 -1.59 3.6 kulak: gerçek tepe sınırlayıcısı 3.6 dB kıstı (0.07 sn > 1 dB) 
car.sag1 c1.s01 rc 0 lufs 1.75 -18.0 -1.6 0.28  
car.sag1 c1.s02 rc 0 lufs 1.377 -18.0 -1.73 -0.0  
car.sag1 c1.s03 rc 0 lufs 1.151 -18.0 -1.55 3.66 kulak: gerçek tepe sınırlayıcısı 3.7 dB kıstı (0.06 sn > 1 dB) 
car.sag1 c1.s04 rc 0 lufs 1.181 -18.0 -1.58 6.08 kulak: gerçek tepe sınırlayıcısı 6.1 dB kıstı (0.07 sn > 1 dB) 
car.sag1 c1.s05 rc 0 lufs 1.278 -18.0 -1.57 0.78  
car.sag2 c1.s06 rc 0 rms 0.992 -18.02 -1.59 1.29  
car.sag2 c1.s07 rc 0 lufs 1.156 -18.0 -1.55 4.1 kulak: gerçek tepe sınırlayıcısı 4.1 dB kıstı (0.08 sn > 1 dB) 
car.sag2 c1.s08 rc 0 rms 0.801 -18.02 -1.57 2.13  
car.sag2 c1.s09 rc 0 rms 0.805 -18.02 -2.11 -0.0  
car.sag2 c1.s10 rc 0 rms 0.93 -18.02 -1.57 1.41  
car.sag3 c1.s11 rc 0 rms 0.946 -18.02 -1.54 2.31  
car.sag3 c1.s12 rc 0 rms 0.914 -18.02 -1.59 5.91 kulak: gerçek tepe sınırlayıcısı 5.9 dB kıstı (0.06 sn > 1 dB) 
car.sag3 c1.s13 rc 0 lufs 1.374 -18.0 -1.96 -0.0  
car.sag3 c1.s14 rc 0 rms 0.861 -18.02 -1.59 1.01  
car.sag4 c1.s15 rc 0 rms 0.935 -18.02 -2.94 -0.0  
car.sag4 c1.s16 rc 0 rms 0.874 -17.02 -1.54 1.28  
car.sag4 c1.s17 rc 0 rms 0.9 -18.02 -1.57 1.69  
car.sag4 c1.s18 rc 0 rms 0.965 -18.02 -1.56 2.28  
car.sag4 c1.s19 rc 0 rms 0.806 -18.02 -1.54 0.38  
car.sag4 c1.s20 rc 0 lufs 1.041 -18.0 -1.55 4.36 kulak: gerçek tepe sınırlayıcısı 4.4 dB kıstı (0.12 sn > 1 dB) 
c1.kacirma c1.kacirma rc 0 lufs 3.292 -18.0 -1.55 1.04  
car.sol1 c1.l01 rc 0 lufs 1.699 -18.0 -1.54 0.75  
car.sol1 c1.l02 rc 0 lufs 1.383 -18.0 -1.59 -0.0  
car.sol1 c1.l03 rc 0 lufs 1.126 -18.0 -1.57 2.27  
car.sol1 c1.l04 rc 0 lufs 1.186 -18.0 -1.54 3.75 kulak: gerçek tepe sınırlayıcısı 3.8 dB kıstı (0.05 sn > 1 dB) 
car.sol1 c1.l05 rc 0 lufs 1.232 -18.0 -1.55 0.62  
car.sol2 c1.l06 rc 0 lufs 1.011 -18.0 -1.6 2.27  
car.sol2 c1.l07 rc 0 lufs 1.185 -18.0 -1.6 2.42  
car.sol2 c1.l08 rc 0 rms 0.851 -18.02 -1.56 2.68  
car.sol2 c1.l09 rc 0 rms 0.826 -18.02 -1.58 0.65  
car.sol2 c1.l10 rc 0 rms 0.944 -18.02 -1.58 2.43  
car.sol3 c1.l11 rc 0 rms 0.957 -18.02 -1.58 2.22  
car.sol3 c1.l12 rc 0 rms 0.912 -18.02 -1.56 1.61  
car.sol3 c1.l13 rc 0 lufs 1.327 -18.0 -1.58 2.17  
car.sol3 c1.l14 rc 0 rms 0.849 -18.02 -1.55 2.15  
car.sol4 c1.l15 rc 0 rms 0.915 -18.02 -5.47 -0.0  
car.sol4 c1.l16 rc 0 rms 0.849 -17.02 -1.54 3.96 kulak: gerçek tepe sınırlayıcısı 4.0 dB kıstı (0.06 sn > 1 dB) 
car.sol4 c1.l17 rc 0 rms 0.976 -18.02 -1.54 1.96  
car.sol4 c1.l18 rc 0 lufs 1.023 -18.0 -1.56 4.32 kulak: gerçek tepe sınırlayıcısı 4.3 dB kıstı (0.16 sn > 1 dB) 
car.sol4 c1.l19 rc 0 rms 0.816 -18.02 -1.54 6.49 kulak: gerçek tepe sınırlayıcısı 6.5 dB kıstı (0.07 sn > 1 dB) 
car.sol4 c1.l20 rc 0 lufs 1.051 -18.0 -1.55 7.58 kulak: gerçek tepe sınırlayıcısı 7.6 dB kıstı (0.24 sn > 1 dB) 
c1.gecis.arka c1.gecis.arka rc 0 lufs 1.708 -18.0 -1.54 2.4  
car.sirt c1.b01 rc 0 lufs 1.536 -18.0 -1.55 0.72  
car.sirt c1.b02 rc 0 lufs 1.455 -18.0 -1.54 4.77 kulak: gerçek tepe sınırlayıcısı 4.8 dB kıstı (0.12 sn > 1 dB) 
car.sirt c1.b03 rc 0 lufs 1.08 -18.0 -1.59 4.48 kulak: gerçek tepe sınırlayıcısı 4.5 dB kıstı (0.08 sn > 1 dB) 
car.sirt c1.b04 rc 0 lufs 2.185 -18.0 -1.56 2.96  
car.sirt c1.b05 rc 0 lufs 1.189 -18.0 -3.59 -0.0  
c1.gecis.on c1.gecis.on#1 rc 0 lufs 2.169 -18.0 -1.59 2.83  
c1.gecis.on c1.gecis.on#2 rc 0 lufs 2.026 -18.0 -1.57 2.24  
car.on1 c1.f01 rc 0 lufs 1.268 -18.0 -1.58 2.55  
car.on1 c1.f02 rc 0 rms 0.713 -18.02 -2.0 -0.0  
car.on1 c1.f03 rc 0 lufs 1.202 -18.0 -1.58 1.67  
car.on1 c1.f04 rc 0 lufs 1.136 -18.0 -1.59 5.86 kulak: gerçek tepe sınırlayıcısı 5.9 dB kıstı (0.09 sn > 1 dB) 
car.on1 c1.f05 rc 0 lufs 1.202 -18.0 -1.53 2.66  
car.on1 c1.f06 rc 0 lufs 1.132 -18.0 -1.58 6.96 kulak: gerçek tepe sınırlayıcısı 7.0 dB kıstı (0.10 sn > 1 dB) 
car.on2 c1.f07 rc 0 lufs 1.252 -18.0 -1.53 2.58  
car.on2 c1.f08 rc 0 lufs 1.49 -18.0 -1.52 1.08  
car.on2 c1.f09 rc 0 lufs 1.147 -18.0 -1.55 1.49  
car.on2 c1.f10 rc 0 lufs 1.136 -18.0 -1.57 5.25 kulak: gerçek tepe sınırlayıcısı 5.3 dB kıstı (0.08 sn > 1 dB) 
car.on2 c1.f11 rc 0 lufs 1.178 -18.0 -1.56 0.58  
car.on2 c1.f12 rc 0 lufs 1.079 -18.0 -1.59 2.67  
car.on2 c1.f13 rc 0 lufs 1.136 -18.0 -2.62 -0.0  
car.on3 c1.f14 rc 0 lufs 1.158 -18.0 -1.59 4.67 kulak: gerçek tepe sınırlayıcısı 4.7 dB kıstı (0.10 sn > 1 dB) 
car.on3 c1.f15 rc 0 lufs 1.135 -18.0 -1.53 16.28 kulak: gerçek tepe sınırlayıcısı 16.3 dB kıstı (0.28 sn > 1 dB) 
car.on3 c1.f16 rc 0 rms 0.761 -18.02 -1.55 1.75  
car.on3 c1.f17 rc 0 rms 0.818 -18.02 -6.35 -0.0  
car.on3 c1.f18 rc 0 lufs 1.656 -18.0 -1.58 4.03 kulak: gerçek tepe sınırlayıcısı 4.0 dB kıstı (0.14 sn > 1 dB) 
car.on3 c1.f19 rc 0 lufs 1.574 -18.0 -1.57 4.09 kulak: gerçek tepe sınırlayıcısı 4.1 dB kıstı (0.08 sn > 1 dB) 
car.on3 c1.f20 rc 0 rms 0.892 -18.02 -1.58 1.48  
car.on3 c1.f21 rc 0 rms 0.717 -18.02 -1.58 0.81  
car.butun c1.w01 rc 0 lufs 1.644 -18.0 -1.57 3.04 kulak: gerçek tepe sınırlayıcısı 3.0 dB kıstı (0.05 sn > 1 dB) 
car.butun c1.w02 rc 0 lufs 1.66 -18.0 -1.55 3.06 kulak: gerçek tepe sınırlayıcısı 3.1 dB kıstı (0.08 sn > 1 dB) 
car.butun c1.w03 rc 0 lufs 1.275 -18.0 -1.56 6.35 kulak: gerçek tepe sınırlayıcısı 6.3 dB kıstı (0.17 sn > 1 dB) 
car.butun c1.w04 rc 0 lufs 1.378 -18.0 -1.58 3.55 kulak: gerçek tepe sınırlayıcısı 3.5 dB kıstı (0.05 sn > 1 dB) 
car.butun c1.w05 rc 0 lufs 1.392 -18.0 -1.58 3.8 kulak: gerçek tepe sınırlayıcısı 3.8 dB kıstı (0.07 sn > 1 dB) 
car.butun c1.w06 rc 0 lufs 1.07 -18.0 -1.57 8.32 kulak: gerçek tepe sınırlayıcısı 8.3 dB kıstı (0.17 sn > 1 dB) 
car.butun c1.w07 rc 0 lufs 2.092 -18.0 -1.52 1.82  
car.butun c1.w08 rc 0 lufs 1.08 -18.0 -1.59 2.77  
car.butun c1.w09 rc 0 lufs 1.144 -18.0 -1.56 3.82 kulak: gerçek tepe sınırlayıcısı 3.8 dB kıstı (0.05 sn > 1 dB) 
c1.k1 c1.k1 rc 0 lufs 3.544 -18.0 -1.59 2.5  
c2.dikkat c2.dikkat#1 rc 0 lufs 3.258 -18.0 -1.58 0.68  
c2.dikkat c2.dikkat#2 rc 0 lufs 3.343 -18.0 -1.59 1.55  
refrms {'Varış': -18.18, 'Derinleşme': -18.02, 'Derin': -17.79}
